Archive member included to satisfy reference by file (symbol)

/opt/st/stm32cubeide_1.11.2/plugins/com.st.stm32cube.ide.mcu.externaltools.gnu-tools-for-stm32.10.3-2021.10.linux64_1.0.100.202210260954/tools/bin/../lib/gcc/arm-none-eabi/10.3.1/../../../../arm-none-eabi/lib/thumb/v7e-m+fp/hard/libc_nano.a(lib_a-errno.o)
                              ./Core/Src/syscalls.o (__errno)
/opt/st/stm32cubeide_1.11.2/plugins/com.st.stm32cube.ide.mcu.externaltools.gnu-tools-for-stm32.10.3-2021.10.linux64_1.0.100.202210260954/tools/bin/../lib/gcc/arm-none-eabi/10.3.1/../../../../arm-none-eabi/lib/thumb/v7e-m+fp/hard/libc_nano.a(lib_a-exit.o)
                              /opt/st/stm32cubeide_1.11.2/plugins/com.st.stm32cube.ide.mcu.externaltools.gnu-tools-for-stm32.10.3-2021.10.linux64_1.0.100.202210260954/tools/bin/../lib/gcc/arm-none-eabi/10.3.1/../../../../arm-none-eabi/lib/thumb/v7e-m+fp/hard/crt0.o (exit)
/opt/st/stm32cubeide_1.11.2/plugins/com.st.stm32cube.ide.mcu.externaltools.gnu-tools-for-stm32.10.3-2021.10.linux64_1.0.100.202210260954/tools/bin/../lib/gcc/arm-none-eabi/10.3.1/../../../../arm-none-eabi/lib/thumb/v7e-m+fp/hard/libc_nano.a(lib_a-impure.o)
                              /opt/st/stm32cubeide_1.11.2/plugins/com.st.stm32cube.ide.mcu.externaltools.gnu-tools-for-stm32.10.3-2021.10.linux64_1.0.100.202210260954/tools/bin/../lib/gcc/arm-none-eabi/10.3.1/../../../../arm-none-eabi/lib/thumb/v7e-m+fp/hard/libc_nano.a(lib_a-exit.o) (_global_impure_ptr)
/opt/st/stm32cubeide_1.11.2/plugins/com.st.stm32cube.ide.mcu.externaltools.gnu-tools-for-stm32.10.3-2021.10.linux64_1.0.100.202210260954/tools/bin/../lib/gcc/arm-none-eabi/10.3.1/../../../../arm-none-eabi/lib/thumb/v7e-m+fp/hard/libc_nano.a(lib_a-init.o)
                              /opt/st/stm32cubeide_1.11.2/plugins/com.st.stm32cube.ide.mcu.externaltools.gnu-tools-for-stm32.10.3-2021.10.linux64_1.0.100.202210260954/tools/bin/../lib/gcc/arm-none-eabi/10.3.1/../../../../arm-none-eabi/lib/thumb/v7e-m+fp/hard/crt0.o (__libc_init_array)
/opt/st/stm32cubeide_1.11.2/plugins/com.st.stm32cube.ide.mcu.externaltools.gnu-tools-for-stm32.10.3-2021.10.linux64_1.0.100.202210260954/tools/bin/../lib/gcc/arm-none-eabi/10.3.1/../../../../arm-none-eabi/lib/thumb/v7e-m+fp/hard/libc_nano.a(lib_a-memset.o)
                              /opt/st/stm32cubeide_1.11.2/plugins/com.st.stm32cube.ide.mcu.externaltools.gnu-tools-for-stm32.10.3-2021.10.linux64_1.0.100.202210260954/tools/bin/../lib/gcc/arm-none-eabi/10.3.1/../../../../arm-none-eabi/lib/thumb/v7e-m+fp/hard/crt0.o (memset)
/opt/st/stm32cubeide_1.11.2/plugins/com.st.stm32cube.ide.mcu.externaltools.gnu-tools-for-stm32.10.3-2021.10.linux64_1.0.100.202210260954/tools/bin/../lib/gcc/arm-none-eabi/10.3.1/thumb/v7e-m+fp/hard/libgcc.a(_aeabi_uldivmod.o)
                              ./Drivers/STM32F4xx_HAL_Driver/stm32f4xx_hal_rcc.o (__aeabi_uldivmod)
/opt/st/stm32cubeide_1.11.2/plugins/com.st.stm32cube.ide.mcu.externaltools.gnu-tools-for-stm32.10.3-2021.10.linux64_1.0.100.202210260954/tools/bin/../lib/gcc/arm-none-eabi/10.3.1/thumb/v7e-m+fp/hard/libgcc.a(_udivmoddi4.o)
                              /opt/st/stm32cubeide_1.11.2/plugins/com.st.stm32cube.ide.mcu.externaltools.gnu-tools-for-stm32.10.3-2021.10.linux64_1.0.100.202210260954/tools/bin/../lib/gcc/arm-none-eabi/10.3.1/thumb/v7e-m+fp/hard/libgcc.a(_aeabi_uldivmod.o) (__udivmoddi4)
/opt/st/stm32cubeide_1.11.2/plugins/com.st.stm32cube.ide.mcu.externaltools.gnu-tools-for-stm32.10.3-2021.10.linux64_1.0.100.202210260954/tools/bin/../lib/gcc/arm-none-eabi/10.3.1/thumb/v7e-m+fp/hard/libgcc.a(_dvmd_tls.o)
                              /opt/st/stm32cubeide_1.11.2/plugins/com.st.stm32cube.ide.mcu.externaltools.gnu-tools-for-stm32.10.3-2021.10.linux64_1.0.100.202210260954/tools/bin/../lib/gcc/arm-none-eabi/10.3.1/thumb/v7e-m+fp/hard/libgcc.a(_aeabi_uldivmod.o) (__aeabi_ldiv0)

Discarded input sections

 .text          0x0000000000000000        0x0 /opt/st/stm32cubeide_1.11.2/plugins/com.st.stm32cube.ide.mcu.externaltools.gnu-tools-for-stm32.10.3-2021.10.linux64_1.0.100.202210260954/tools/bin/../lib/gcc/arm-none-eabi/10.3.1/thumb/v7e-m+fp/hard/crti.o
 .data          0x0000000000000000        0x0 /opt/st/stm32cubeide_1.11.2/plugins/com.st.stm32cube.ide.mcu.externaltools.gnu-tools-for-stm32.10.3-2021.10.linux64_1.0.100.202210260954/tools/bin/../lib/gcc/arm-none-eabi/10.3.1/thumb/v7e-m+fp/hard/crti.o
 .bss           0x0000000000000000        0x0 /opt/st/stm32cubeide_1.11.2/plugins/com.st.stm32cube.ide.mcu.externaltools.gnu-tools-for-stm32.10.3-2021.10.linux64_1.0.100.202210260954/tools/bin/../lib/gcc/arm-none-eabi/10.3.1/thumb/v7e-m+fp/hard/crti.o
 .data          0x0000000000000000        0x4 /opt/st/stm32cubeide_1.11.2/plugins/com.st.stm32cube.ide.mcu.externaltools.gnu-tools-for-stm32.10.3-2021.10.linux64_1.0.100.202210260954/tools/bin/../lib/gcc/arm-none-eabi/10.3.1/thumb/v7e-m+fp/hard/crtbegin.o
[...]
Memory Configuration

Name             Origin             Length             Attributes
CCMRAM           0x0000000010000000 0x0000000000010000 xrw
RAM              0x0000000020000000 0x0000000000030000 xrw
FLASH            0x0000000008000000 0x0000000000200000 xr
*default*        0x0000000000000000 0xffffffffffffffff

Linker script and memory map

LOAD /opt/st/stm32cubeide_1.11.2/plugins/com.st.stm32cube.ide.mcu.externaltools.gnu-tools-for-stm32.10.3-2021.10.linux64_1.0.100.202210260954/tools/bin/../lib/gcc/arm-none-eabi/10.3.1/thumb/v7e-m+fp/hard/crti.o
LOAD /opt/st/stm32cubeide_1.11.2/plugins/com.st.stm32cube.ide.mcu.externaltools.gnu-tools-for-stm32.10.3-2021.10.linux64_1.0.100.202210260954/tools/bin/../lib/gcc/arm-none-eabi/10.3.1/thumb/v7e-m+fp/hard/crtbegin.o
LOAD /opt/st/stm32cubeide_1.11.2/plugins/com.st.stm32cube.ide.mcu.externaltools.gnu-tools-for-stm32.10.3-2021.10.linux64_1.0.100.202210260954/tools/bin/../lib/gcc/arm-none-eabi/10.3.1/../../../../arm-none-eabi/lib/thumb/v7e-m+fp/hard/crt0.o
LOAD ./Core/Src/asm_func.o
LOAD ./Core/Src/main.o
LOAD ./Core/Src/stm32f4xx_hal_msp.o
LOAD ./Core/Src/stm32f4xx_it.o
LOAD ./Core/Src/syscalls.o
LOAD ./Core/Src/sysmem.o
LOAD ./Core/Src/system_stm32f4xx.o
LOAD ./Core/Startup/startup_stm32f429zitx.o
LOAD ./Drivers/STM32F4xx_HAL_Driver/stm32f4xx_hal.o
LOAD ./Drivers/STM32F4xx_HAL_Driver/stm32f4xx_hal_cortex.o
LOAD ./Drivers/STM32F4xx_HAL_Driver/stm32f4xx_hal_dma.o
LOAD ./Drivers/STM32F4xx_HAL_Driver/stm32f4xx_hal_dma_ex.o
LOAD ./Drivers/STM32F4xx_HAL_Driver/stm32f4xx_hal_eth.o
LOAD ./Drivers/STM32F4xx_HAL_Driver/stm32f4xx_hal_exti.o
LOAD ./Drivers/STM32F4xx_HAL_Driver/stm32f4xx_hal_flash.o
LOAD ./Drivers/STM32F4xx_HAL_Driver/stm32f4xx_hal_flash_ex.o
LOAD ./Drivers/STM32F4xx_HAL_Driver/stm32f4xx_hal_flash_ramfunc.o
LOAD ./Drivers/STM32F4xx_HAL_Driver/stm32f4xx_hal_gpio.o
LOAD ./Drivers/STM32F4xx_HAL_Driver/stm32f4xx_hal_pcd.o
LOAD ./Drivers/STM32F4xx_HAL_Driver/stm32f4xx_hal_pcd_ex.o
LOAD ./Drivers/STM32F4xx_HAL_Driver/stm32f4xx_hal_pwr.o
LOAD ./Drivers/STM32F4xx_HAL_Driver/stm32f4xx_hal_pwr_ex.o
LOAD ./Drivers/STM32F4xx_HAL_Driver/stm32f4xx_hal_rcc.o
LOAD ./Drivers/STM32F4xx_HAL_Driver/stm32f4xx_hal_rcc_ex.o
LOAD ./Drivers/STM32F4xx_HAL_Driver/stm32f4xx_hal_tim.o
LOAD ./Drivers/STM32F4xx_HAL_Driver/stm32f4xx_hal_tim_ex.o
LOAD ./Drivers/STM32F4xx_HAL_Driver/stm32f4xx_hal_uart.o
LOAD ./Drivers/STM32F4xx_HAL_Driver/stm32f4xx_ll_usb.o
START GROUP
LOAD /opt/st/stm32cubeide_1.11.2/plugins/com.st.stm32cube.ide.mcu.externaltools.gnu-tools-for-stm32.10.3-2021.10.linux64_1.0.100.202210260954/tools/bin/../lib/gcc/arm-none-eabi/10.3.1/../../../../arm-none-eabi/lib/thumb/v7e-m+fp/hard/libc_nano.a
LOAD /opt/st/stm32cubeide_1.11.2/plugins/com.st.stm32cube.ide.mcu.externaltools.gnu-tools-for-stm32.10.3-2021.10.linux64_1.0.100.202210260954/tools/bin/../lib/gcc/arm-none-eabi/10.3.1/../../../../arm-none-eabi/lib/thumb/v7e-m+fp/hard/libm.a
END GROUP
START GROUP
LOAD /opt/st/stm32cubeide_1.11.2/plugins/com.st.stm32cube.ide.mcu.externaltools.gnu-tools-for-stm32.10.3-2021.10.linux64_1.0.100.202210260954/tools/bin/../lib/gcc/arm-none-eabi/10.3.1/thumb/v7e-m+fp/hard/libgcc.a
LOAD /opt/st/stm32cubeide_1.11.2/plugins/com.st.stm32cube.ide.mcu.externaltools.gnu-tools-for-stm32.10.3-2021.10.linux64_1.0.100.202210260954/tools/bin/../lib/gcc/arm-none-eabi/10.3.1/../../../../arm-none-eabi/lib/thumb/v7e-m+fp/hard/libc_nano.a
END GROUP
START GROUP
LOAD /opt/st/stm32cubeide_1.11.2/plugins/com.st.stm32cube.ide.mcu.externaltools.gnu-tools-for-stm32.10.3-2021.10.linux64_1.0.100.202210260954/tools/bin/../lib/gcc/arm-none-eabi/10.3.1/thumb/v7e-m+fp/hard/libgcc.a
LOAD /opt/st/stm32cubeide_1.11.2/plugins/com.st.stm32cube.ide.mcu.externaltools.gnu-tools-for-stm32.10.3-2021.10.linux64_1.0.100.202210260954/tools/bin/../lib/gcc/arm-none-eabi/10.3.1/../../../../arm-none-eabi/lib/thumb/v7e-m+fp/hard/libc_nano.a
LOAD /opt/st/stm32cubeide_1.11.2/plugins/com.st.stm32cube.ide.mcu.externaltools.gnu-tools-for-stm32.10.3-2021.10.linux64_1.0.100.202210260954/tools/bin/../lib/gcc/arm-none-eabi/10.3.1/../../../../arm-none-eabi/lib/thumb/v7e-m+fp/hard/libnosys.a
END GROUP
START GROUP
LOAD /opt/st/stm32cubeide_1.11.2/plugins/com.st.stm32cube.ide.mcu.externaltools.gnu-tools-for-stm32.10.3-2021.10.linux64_1.0.100.202210260954/tools/bin/../lib/gcc/arm-none-eabi/10.3.1/thumb/v7e-m+fp/hard/libgcc.a
LOAD /opt/st/stm32cubeide_1.11.2/plugins/com.st.stm32cube.ide.mcu.externaltools.gnu-tools-for-stm32.10.3-2021.10.linux64_1.0.100.202210260954/tools/bin/../lib/gcc/arm-none-eabi/10.3.1/../../../../arm-none-eabi/lib/thumb/v7e-m+fp/hard/libc_nano.a
LOAD /opt/st/stm32cubeide_1.11.2/plugins/com.st.stm32cube.ide.mcu.externaltools.gnu-tools-for-stm32.10.3-2021.10.linux64_1.0.100.202210260954/tools/bin/../lib/gcc/arm-none-eabi/10.3.1/../../../../arm-none-eabi/lib/thumb/v7e-m+fp/hard/libnosys.a
END GROUP
LOAD /opt/st/stm32cubeide_1.11.2/plugins/com.st.stm32cube.ide.mcu.externaltools.gnu-tools-for-stm32.10.3-2021.10.linux64_1.0.100.202210260954/tools/bin/../lib/gcc/arm-none-eabi/10.3.1/thumb/v7e-m+fp/hard/crtend.o
LOAD /opt/st/stm32cubeide_1.11.2/plugins/com.st.stm32cube.ide.mcu.externaltools.gnu-tools-for-stm32.10.3-2021.10.linux64_1.0.100.202210260954/tools/bin/../lib/gcc/arm-none-eabi/10.3.1/thumb/v7e-m+fp/hard/crtn.o
                0x0000000020030000                _estack = (ORIGIN (RAM) + LENGTH (RAM))
                0x0000000000000200                _Min_Heap_Size = 0x200
                0x0000000000000400                _Min_Stack_Size = 0x400

.isr_vector     0x0000000008000000      0x1ac
                0x0000000008000000                . = ALIGN (0x4)
 *(.isr_vector)
 .isr_vector    0x0000000008000000      0x1ac ./Core/Startup/startup_stm32f429zitx.o
                0x0000000008000000                g_pfnVectors
                0x00000000080001ac                . = ALIGN (0x4)

.text           0x00000000080001ac     0x39f0
                0x00000000080001ac                . = ALIGN (0x4)
 *(.text)
 .text          0x00000000080001ac       0x40 /opt/st/stm32cubeide_1.11.2/plugins/com.st.stm32cube.ide.mcu.externaltools.gnu-tools-for-stm32.10.3-2021.10.linux64_1.0.100.202210260954/tools/bin/../lib/gcc/arm-none-eabi/10.3.1/thumb/v7e-m+fp/hard/crtbegin.o
 .text          0x00000000080001ec      0x204 ./Core/Src/asm_func.o
                0x00000000080001ec                asm_svc
                0x00000000080001f0                asm_sum
                0x00000000080001f4                asm_zeros32
                0x0000000008000204                asm_zeros16
                0x0000000008000214                asm_productoEscalar32
                0x000000000800022e                asm_productoEscalar16
                0x0000000008000248                asm_productoEscalar12
                0x000000000800026c                asm_productoEscalar12_instrucciones_sat
                0x000000000800028a                asm_filtroVentana10
                0x00000000080002d8                asm_pack32to16
                0x00000000080002ee                asm_max
                0x0000000008000314                asm_downsampleM
                0x0000000008000344                asm_invertir
                0x000000000800036c                asm_eco
                0x00000000080003aa                asm_eco_simd
 .text          0x00000000080003f0       0x30 /opt/st/stm32cubeide_1.11.2/plugins/com.st.stm32cube.ide.mcu.externaltools.gnu-tools-for-stm32.10.3-2021.10.linux64_1.0.100.202210260954/tools/bin/../lib/gcc/arm-none-eabi/10.3.1/thumb/v7e-m+fp/hard/libgcc.a(_aeabi_uldivmod.o)
                0x00000000080003f0                __aeabi_uldivmod
 .text          0x0000000008000420      0x2d0 /opt/st/stm32cubeide_1.11.2/plugins/com.st.stm32cube.ide.mcu.externaltools.gnu-tools-for-stm32.10.3-2021.10.linux64_1.0.100.202210260954/tools/bin/../lib/gcc/arm-none-eabi/10.3.1/thumb/v7e-m+fp/hard/libgcc.a(_udivmoddi4.o)
                0x0000000008000420                __udivmoddi4
 .text          0x00000000080006f0        0x4 /opt/st/stm32cubeide_1.11.2/plugins/com.st.stm32cube.ide.mcu.externaltools.gnu-tools-for-stm32.10.3-2021.10.linux64_1.0.100.202210260954/tools/bin/../lib/gcc/arm-none-eabi/10.3.1/thumb/v7e-m+fp/hard/libgcc.a(_dvmd_tls.o)
                0x00000000080006f0                __aeabi_ldiv0
                0x00000000080006f0                __aeabi_idiv0
 *(.text*)
 .text.PrivilegiosSVC
                0x00000000080006f4       0x62 ./Core/Src/main.o
 .text.zeros    0x0000000008000756       0x38 ./Core/Src/main.o
                0x0000000008000756                zeros
 .text.productoEscalar32
                0x000000000800078e       0x4a ./Core/Src/main.o
                0x000000000800078e                productoEscalar32
 .text.productoEscalar16
                0x00000000080007d8       0x54 ./Core/Src/main.o
                0x00000000080007d8                productoEscalar16
 .text.productoEscalar12
                0x000000000800082c       0x6a ./Core/Src/main.o
                0x000000000800082c                productoEscalar12
 .text.filtroVentana10
                0x0000000008000896       0x76 ./Core/Src/main.o
                0x0000000008000896                filtroVentana10
 .text.pack32to16
                0x000000000800090c       0x46 ./Core/Src/main.o
                0x000000000800090c                pack32to16
 .text.max      0x0000000008000952       0x56 ./Core/Src/main.o
                0x0000000008000952                max
 .text.downsampleM
                0x00000000080009a8       0x6c ./Core/Src/main.o
                0x00000000080009a8                downsampleM
 .text.invertir
                0x0000000008000a14       0x68 ./Core/Src/main.o
                0x0000000008000a14                invertir
 .text.eco      0x0000000008000a7c       0x84 ./Core/Src/main.o
                0x0000000008000a7c                eco
 .text.test     0x0000000008000b00      0x488 ./Core/Src/main.o
                0x0000000008000b00                test
 .text.main     0x0000000008000f88       0x44 ./Core/Src/main.o
                0x0000000008000f88                main
 .text.SystemClock_Config
                0x0000000008000fcc       0xd4 ./Core/Src/main.o
                0x0000000008000fcc                SystemClock_Config
 .text.MX_ETH_Init
                0x00000000080010a0       0x9c ./Core/Src/main.o
 .text.MX_USART3_UART_Init
                0x000000000800113c       0x54 ./Core/Src/main.o
 .text.MX_USB_OTG_FS_PCD_Init
                0x0000000008001190       0x5c ./Core/Src/main.o
 .text.MX_GPIO_Init
                0x00000000080011ec      0x15c ./Core/Src/main.o
 .text.Error_Handler
                0x0000000008001348        0xa ./Core/Src/main.o
                0x0000000008001348                Error_Handler
 *fill*         0x0000000008001352        0x2 
 .text.HAL_MspInit
                0x0000000008001354       0x50 ./Core/Src/stm32f4xx_hal_msp.o
                0x0000000008001354                HAL_MspInit
 .text.HAL_ETH_MspInit
                0x00000000080013a4      0x18c ./Core/Src/stm32f4xx_hal_msp.o
                0x00000000080013a4                HAL_ETH_MspInit
 .text.HAL_UART_MspInit
                0x0000000008001530       0x90 ./Core/Src/stm32f4xx_hal_msp.o
                0x0000000008001530                HAL_UART_MspInit
 .text.HAL_PCD_MspInit
                0x00000000080015c0       0xb4 ./Core/Src/stm32f4xx_hal_msp.o
                0x00000000080015c0                HAL_PCD_MspInit
 .text.NMI_Handler
                0x0000000008001674        0x6 ./Core/Src/stm32f4xx_it.o
                0x0000000008001674                NMI_Handler
 .text.HardFault_Handler
                0x000000000800167a        0x6 ./Core/Src/stm32f4xx_it.o
                0x000000000800167a                HardFault_Handler
 .text.MemManage_Handler
                0x0000000008001680        0x6 ./Core/Src/stm32f4xx_it.o
                0x0000000008001680                MemManage_Handler
 .text.BusFault_Handler
                0x0000000008001686        0x6 ./Core/Src/stm32f4xx_it.o
                0x0000000008001686                BusFault_Handler
 .text.UsageFault_Handler
                0x000000000800168c        0x6 ./Core/Src/stm32f4xx_it.o
                0x000000000800168c                UsageFault_Handler
 .text.SVC_Handler
                0x0000000008001692       0x30 ./Core/Src/stm32f4xx_it.o
                0x0000000008001692                SVC_Handler
 .text.DebugMon_Handler
                0x00000000080016c2        0xe ./Core/Src/stm32f4xx_it.o
                0x00000000080016c2                DebugMon_Handler
 .text.PendSV_Handler
                0x00000000080016d0        0xe ./Core/Src/stm32f4xx_it.o
                0x00000000080016d0                PendSV_Handler
 .text.SysTick_Handler
                0x00000000080016de        0xc ./Core/Src/stm32f4xx_it.o
                0x00000000080016de                SysTick_Handler
 *fill*         0x00000000080016ea        0x2 
 .text.SystemInit
                0x00000000080016ec       0x24 ./Core/Src/system_stm32f4xx.o
                0x00000000080016ec                SystemInit
 .text.Reset_Handler
                0x0000000008001710       0x54 ./Core/Startup/startup_stm32f429zitx.o
                0x0000000008001710                Reset_Handler
 .text.Default_Handler
                0x0000000008001764        0x2 ./Core/Startup/startup_stm32f429zitx.o
                0x0000000008001764                RTC_Alarm_IRQHandler
                0x0000000008001764                HASH_RNG_IRQHandler
                0x0000000008001764                EXTI2_IRQHandler
                0x0000000008001764                TIM8_CC_IRQHandler
                0x0000000008001764                UART8_IRQHandler
                0x0000000008001764                SPI4_IRQHandler
                0x0000000008001764                TIM1_CC_IRQHandler
                0x0000000008001764                DMA2_Stream5_IRQHandler
                0x0000000008001764                DMA1_Stream5_IRQHandler
                0x0000000008001764                PVD_IRQHandler
                0x0000000008001764                SDIO_IRQHandler
                0x0000000008001764                TAMP_STAMP_IRQHandler
                0x0000000008001764                CAN2_RX1_IRQHandler
                0x0000000008001764                EXTI3_IRQHandler
                0x0000000008001764                TIM8_TRG_COM_TIM14_IRQHandler
                0x0000000008001764                TIM1_UP_TIM10_IRQHandler
                0x0000000008001764                TIM8_UP_TIM13_IRQHandler
                0x0000000008001764                I2C3_ER_IRQHandler
                0x0000000008001764                EXTI0_IRQHandler
                0x0000000008001764                I2C2_EV_IRQHandler
                0x0000000008001764                DMA1_Stream2_IRQHandler
                0x0000000008001764                CAN1_RX0_IRQHandler
                0x0000000008001764                FPU_IRQHandler
                0x0000000008001764                OTG_HS_WKUP_IRQHandler
                0x0000000008001764                LTDC_ER_IRQHandler
                0x0000000008001764                CAN2_SCE_IRQHandler
                0x0000000008001764                DMA2_Stream2_IRQHandler
                0x0000000008001764                SPI1_IRQHandler
                0x0000000008001764                TIM6_DAC_IRQHandler
                0x0000000008001764                TIM1_BRK_TIM9_IRQHandler
                0x0000000008001764                DCMI_IRQHandler
                0x0000000008001764                CAN2_RX0_IRQHandler
                0x0000000008001764                DMA2_Stream3_IRQHandler
                0x0000000008001764                USART6_IRQHandler
                0x0000000008001764                USART3_IRQHandler
                0x0000000008001764                CAN1_RX1_IRQHandler
                0x0000000008001764                UART5_IRQHandler
                0x0000000008001764                DMA2_Stream0_IRQHandler
                0x0000000008001764                TIM4_IRQHandler
                0x0000000008001764                I2C1_EV_IRQHandler
                0x0000000008001764                DMA1_Stream6_IRQHandler
                0x0000000008001764                DMA1_Stream1_IRQHandler
                0x0000000008001764                UART4_IRQHandler
                0x0000000008001764                TIM3_IRQHandler
                0x0000000008001764                RCC_IRQHandler
                0x0000000008001764                TIM8_BRK_TIM12_IRQHandler
                0x0000000008001764                Default_Handler
                0x0000000008001764                EXTI15_10_IRQHandler
                0x0000000008001764                ADC_IRQHandler
                0x0000000008001764                DMA1_Stream7_IRQHandler
                0x0000000008001764                SPI5_IRQHandler
                0x0000000008001764                TIM7_IRQHandler
                0x0000000008001764                CAN2_TX_IRQHandler
                0x0000000008001764                TIM5_IRQHandler
                0x0000000008001764                DMA2_Stream7_IRQHandler
                0x0000000008001764                I2C3_EV_IRQHandler
                0x0000000008001764                EXTI9_5_IRQHandler
                0x0000000008001764                RTC_WKUP_IRQHandler
                0x0000000008001764                LTDC_IRQHandler
                0x0000000008001764                ETH_WKUP_IRQHandler
                0x0000000008001764                SPI2_IRQHandler
                0x0000000008001764                OTG_HS_EP1_IN_IRQHandler
                0x0000000008001764                DMA1_Stream0_IRQHandler
                0x0000000008001764                CAN1_TX_IRQHandler
                0x0000000008001764                EXTI4_IRQHandler
                0x0000000008001764                ETH_IRQHandler
                0x0000000008001764                OTG_HS_EP1_OUT_IRQHandler
                0x0000000008001764                WWDG_IRQHandler
                0x0000000008001764                SPI6_IRQHandler
                0x0000000008001764                TIM2_IRQHandler
                0x0000000008001764                OTG_FS_WKUP_IRQHandler
                0x0000000008001764                TIM1_TRG_COM_TIM11_IRQHandler
                0x0000000008001764                OTG_HS_IRQHandler
                0x0000000008001764                DMA2D_IRQHandler
                0x0000000008001764                EXTI1_IRQHandler
                0x0000000008001764                UART7_IRQHandler
                0x0000000008001764                USART2_IRQHandler
                0x0000000008001764                I2C2_ER_IRQHandler
                0x0000000008001764                DMA2_Stream1_IRQHandler
                0x0000000008001764                CAN1_SCE_IRQHandler
                0x0000000008001764                FLASH_IRQHandler
                0x0000000008001764                DMA2_Stream4_IRQHandler
                0x0000000008001764                USART1_IRQHandler
                0x0000000008001764                OTG_FS_IRQHandler
                0x0000000008001764                SPI3_IRQHandler
                0x0000000008001764                DMA1_Stream4_IRQHandler
                0x0000000008001764                I2C1_ER_IRQHandler
                0x0000000008001764                FMC_IRQHandler
                0x0000000008001764                DMA2_Stream6_IRQHandler
                0x0000000008001764                SAI1_IRQHandler
                0x0000000008001764                DMA1_Stream3_IRQHandler
 *fill*         0x0000000008001766        0x2 
 .text.HAL_Init
                0x0000000008001768       0x44 ./Drivers/STM32F4xx_HAL_Driver/stm32f4xx_hal.o
                0x0000000008001768                HAL_Init
 .text.HAL_InitTick
                0x00000000080017ac       0x60 ./Drivers/STM32F4xx_HAL_Driver/stm32f4xx_hal.o
                0x00000000080017ac                HAL_InitTick
 .text.HAL_IncTick
                0x000000000800180c       0x28 ./Drivers/STM32F4xx_HAL_Driver/stm32f4xx_hal.o
                0x000000000800180c                HAL_IncTick
 .text.HAL_GetTick
                0x0000000008001834       0x18 ./Drivers/STM32F4xx_HAL_Driver/stm32f4xx_hal.o
                0x0000000008001834                HAL_GetTick
 .text.HAL_Delay
                0x000000000800184c       0x48 ./Drivers/STM32F4xx_HAL_Driver/stm32f4xx_hal.o
                0x000000000800184c                HAL_Delay
 .text.__NVIC_SetPriorityGrouping
                0x0000000008001894       0x48 ./Drivers/STM32F4xx_HAL_Driver/stm32f4xx_hal_cortex.o
 .text.__NVIC_GetPriorityGrouping
                0x00000000080018dc       0x1c ./Drivers/STM32F4xx_HAL_Driver/stm32f4xx_hal_cortex.o
 .text.__NVIC_SetPriority
                0x00000000080018f8       0x54 ./Drivers/STM32F4xx_HAL_Driver/stm32f4xx_hal_cortex.o
 .text.NVIC_EncodePriority
                0x000000000800194c       0x66 ./Drivers/STM32F4xx_HAL_Driver/stm32f4xx_hal_cortex.o
 *fill*         0x00000000080019b2        0x2 
 .text.SysTick_Config
                0x00000000080019b4       0x44 ./Drivers/STM32F4xx_HAL_Driver/stm32f4xx_hal_cortex.o
 .text.HAL_NVIC_SetPriorityGrouping
                0x00000000080019f8       0x16 ./Drivers/STM32F4xx_HAL_Driver/stm32f4xx_hal_cortex.o
                0x00000000080019f8                HAL_NVIC_SetPriorityGrouping
 .text.HAL_NVIC_SetPriority
                0x0000000008001a0e       0x38 ./Drivers/STM32F4xx_HAL_Driver/stm32f4xx_hal_cortex.o
                0x0000000008001a0e                HAL_NVIC_SetPriority
 .text.HAL_SYSTICK_Config
                0x0000000008001a46       0x18 ./Drivers/STM32F4xx_HAL_Driver/stm32f4xx_hal_cortex.o
                0x0000000008001a46                HAL_SYSTICK_Config
 *fill*         0x0000000008001a5e        0x2 
 .text.HAL_ETH_Init
                0x0000000008001a60       0xfc ./Drivers/STM32F4xx_HAL_Driver/stm32f4xx_hal_eth.o
                0x0000000008001a60                HAL_ETH_Init
 .text.ETH_SetMACConfig
                0x0000000008001b5c      0x160 ./Drivers/STM32F4xx_HAL_Driver/stm32f4xx_hal_eth.o
 .text.ETH_SetDMAConfig
                0x0000000008001cbc      0x114 ./Drivers/STM32F4xx_HAL_Driver/stm32f4xx_hal_eth.o
 .text.ETH_MACDMAConfig
                0x0000000008001dd0       0xe4 ./Drivers/STM32F4xx_HAL_Driver/stm32f4xx_hal_eth.o
 .text.ETH_MACAddressConfig
                0x0000000008001eb4       0x70 ./Drivers/STM32F4xx_HAL_Driver/stm32f4xx_hal_eth.o
 .text.ETH_DMATxDescListInit
                0x0000000008001f24       0xb2 ./Drivers/STM32F4xx_HAL_Driver/stm32f4xx_hal_eth.o
 .text.ETH_DMARxDescListInit
                0x0000000008001fd6       0xda ./Drivers/STM32F4xx_HAL_Driver/stm32f4xx_hal_eth.o
 .text.HAL_GPIO_Init
                0x00000000080020b0      0x358 ./Drivers/STM32F4xx_HAL_Driver/stm32f4xx_hal_gpio.o
                0x00000000080020b0                HAL_GPIO_Init
 .text.HAL_GPIO_WritePin
                0x0000000008002408       0x32 ./Drivers/STM32F4xx_HAL_Driver/stm32f4xx_hal_gpio.o
                0x0000000008002408                HAL_GPIO_WritePin
 .text.HAL_PCD_Init
                0x000000000800243a      0x23a ./Drivers/STM32F4xx_HAL_Driver/stm32f4xx_hal_pcd.o
                0x000000000800243a                HAL_PCD_Init
 .text.HAL_RCC_OscConfig
                0x0000000008002674      0x4f0 ./Drivers/STM32F4xx_HAL_Driver/stm32f4xx_hal_rcc.o
                0x0000000008002674                HAL_RCC_OscConfig
 .text.HAL_RCC_ClockConfig
                0x0000000008002b64      0x1cc ./Drivers/STM32F4xx_HAL_Driver/stm32f4xx_hal_rcc.o
                0x0000000008002b64                HAL_RCC_ClockConfig
 .text.HAL_RCC_GetSysClockFreq
                0x0000000008002d30      0x20c ./Drivers/STM32F4xx_HAL_Driver/stm32f4xx_hal_rcc.o
                0x0000000008002d30                HAL_RCC_GetSysClockFreq
 .text.HAL_RCC_GetHCLKFreq
                0x0000000008002f3c       0x18 ./Drivers/STM32F4xx_HAL_Driver/stm32f4xx_hal_rcc.o
                0x0000000008002f3c                HAL_RCC_GetHCLKFreq
 .text.HAL_RCC_GetPCLK1Freq
                0x0000000008002f54       0x28 ./Drivers/STM32F4xx_HAL_Driver/stm32f4xx_hal_rcc.o
                0x0000000008002f54                HAL_RCC_GetPCLK1Freq
 .text.HAL_RCC_GetPCLK2Freq
                0x0000000008002f7c       0x28 ./Drivers/STM32F4xx_HAL_Driver/stm32f4xx_hal_rcc.o
                0x0000000008002f7c                HAL_RCC_GetPCLK2Freq
 .text.HAL_UART_Init
                0x0000000008002fa4       0x9a ./Drivers/STM32F4xx_HAL_Driver/stm32f4xx_hal_uart.o
                0x0000000008002fa4                HAL_UART_Init
 *fill*         0x000000000800303e        0x2 
 .text.UART_SetConfig
                0x0000000008003040      0x4e8 ./Drivers/STM32F4xx_HAL_Driver/stm32f4xx_hal_uart.o
 .text.USB_CoreInit
                0x0000000008003528       0xc2 ./Drivers/STM32F4xx_HAL_Driver/stm32f4xx_ll_usb.o
                0x0000000008003528                USB_CoreInit
 .text.USB_DisableGlobalInt
                0x00000000080035ea       0x22 ./Drivers/STM32F4xx_HAL_Driver/stm32f4xx_ll_usb.o
                0x00000000080035ea                USB_DisableGlobalInt
 .text.USB_SetCurrentMode
                0x000000000800360c       0x98 ./Drivers/STM32F4xx_HAL_Driver/stm32f4xx_ll_usb.o
                0x000000000800360c                USB_SetCurrentMode
 .text.USB_DevInit
                0x00000000080036a4      0x2c8 ./Drivers/STM32F4xx_HAL_Driver/stm32f4xx_ll_usb.o
                0x00000000080036a4                USB_DevInit
 .text.USB_FlushTxFifo
                0x000000000800396c       0x68 ./Drivers/STM32F4xx_HAL_Driver/stm32f4xx_ll_usb.o
                0x000000000800396c                USB_FlushTxFifo
 .text.USB_FlushRxFifo
                0x00000000080039d4       0x60 ./Drivers/STM32F4xx_HAL_Driver/stm32f4xx_ll_usb.o
                0x00000000080039d4                USB_FlushRxFifo
 .text.USB_SetDevSpeed
                0x0000000008003a34       0x32 ./Drivers/STM32F4xx_HAL_Driver/stm32f4xx_ll_usb.o
                0x0000000008003a34                USB_SetDevSpeed
 .text.USB_DevDisconnect
                0x0000000008003a66       0x42 ./Drivers/STM32F4xx_HAL_Driver/stm32f4xx_ll_usb.o
                0x0000000008003a66                USB_DevDisconnect
 .text.USB_GetMode
                0x0000000008003aa8       0x1c ./Drivers/STM32F4xx_HAL_Driver/stm32f4xx_ll_usb.o
                0x0000000008003aa8                USB_GetMode
 .text.USB_CoreReset
                0x0000000008003ac4       0x68 ./Drivers/STM32F4xx_HAL_Driver/stm32f4xx_ll_usb.o
 .text.__libc_init_array
                0x0000000008003b2c       0x48 /opt/st/stm32cubeide_1.11.2/plugins/com.st.stm32cube.ide.mcu.externaltools.gnu-tools-for-stm32.10.3-2021.10.linux64_1.0.100.202210260954/tools/bin/../lib/gcc/arm-none-eabi/10.3.1/../../../../arm-none-eabi/lib/thumb/v7e-m+fp/hard/libc_nano.a(lib_a-init.o)
                0x0000000008003b2c                __libc_init_array
 .text.memset   0x0000000008003b74       0x10 /opt/st/stm32cubeide_1.11.2/plugins/com.st.stm32cube.ide.mcu.externaltools.gnu-tools-for-stm32.10.3-2021.10.linux64_1.0.100.202210260954/tools/bin/../lib/gcc/arm-none-eabi/10.3.1/../../../../arm-none-eabi/lib/thumb/v7e-m+fp/hard/libc_nano.a(lib_a-memset.o)
                0x0000000008003b74                memset
 *(.glue_7)
 .glue_7        0x0000000008003b84        0x0 linker stubs
 *(.glue_7t)
 .glue_7t       0x0000000008003b84        0x0 linker stubs
 *(.eh_frame)
 .eh_frame      0x0000000008003b84        0x0 /opt/st/stm32cubeide_1.11.2/plugins/com.st.stm32cube.ide.mcu.externaltools.gnu-tools-for-stm32.10.3-2021.10.linux64_1.0.100.202210260954/tools/bin/../lib/gcc/arm-none-eabi/10.3.1/thumb/v7e-m+fp/hard/crtbegin.o
 *(.init)
 .init          0x0000000008003b84        0x4 /opt/st/stm32cubeide_1.11.2/plugins/com.st.stm32cube.ide.mcu.externaltools.gnu-tools-for-stm32.10.3-2021.10.linux64_1.0.100.202210260954/tools/bin/../lib/gcc/arm-none-eabi/10.3.1/thumb/v7e-m+fp/hard/crti.o
                0x0000000008003b84                _init
 .init          0x0000000008003b88        0x8 /opt/st/stm32cubeide_1.11.2/plugins/com.st.stm32cube.ide.mcu.externaltools.gnu-tools-for-stm32.10.3-2021.10.linux64_1.0.100.202210260954/tools/bin/../lib/gcc/arm-none-eabi/10.3.1/thumb/v7e-m+fp/hard/crtn.o
 *(.fini)
 .fini          0x0000000008003b90        0x4 /opt/st/stm32cubeide_1.11.2/plugins/com.st.stm32cube.ide.mcu.externaltools.gnu-tools-for-stm32.10.3-2021.10.linux64_1.0.100.202210260954/tools/bin/../lib/gcc/arm-none-eabi/10.3.1/thumb/v7e-m+fp/hard/crti.o
                0x0000000008003b90                _fini
 .fini          0x0000000008003b94        0x8 /opt/st/stm32cubeide_1.11.2/plugins/com.st.stm32cube.ide.mcu.externaltools.gnu-tools-for-stm32.10.3-2021.10.linux64_1.0.100.202210260954/tools/bin/../lib/gcc/arm-none-eabi/10.3.1/thumb/v7e-m+fp/hard/crtn.o
                0x0000000008003b9c                . = ALIGN (0x4)
                0x0000000008003b9c                _etext = .

.vfp11_veneer   0x0000000008003b9c        0x0
 .vfp11_veneer  0x0000000008003b9c        0x0 linker stubs

.v4_bx          0x0000000008003b9c        0x0
 .v4_bx         0x0000000008003b9c        0x0 linker stubs

.iplt           0x0000000008003b9c        0x0
 .iplt          0x0000000008003b9c        0x0 /opt/st/stm32cubeide_1.11.2/plugins/com.st.stm32cube.ide.mcu.externaltools.gnu-tools-for-stm32.10.3-2021.10.linux64_1.0.100.202210260954/tools/bin/../lib/gcc/arm-none-eabi/10.3.1/thumb/v7e-m+fp/hard/crtbegin.o

.rodata         0x0000000008003b9c       0x18
                0x0000000008003b9c                . = ALIGN (0x4)
 *(.rodata)
 *(.rodata*)
 .rodata.AHBPrescTable
                0x0000000008003b9c       0x10 ./Core/Src/system_stm32f4xx.o
                0x0000000008003b9c                AHBPrescTable
 .rodata.APBPrescTable
                0x0000000008003bac        0x8 ./Core/Src/system_stm32f4xx.o
                0x0000000008003bac                APBPrescTable
                0x0000000008003bb4                . = ALIGN (0x4)

.ARM.extab      0x0000000008003bb4        0x0
                0x0000000008003bb4                . = ALIGN (0x4)
 *(.ARM.extab* .gnu.linkonce.armextab.*)
                0x0000000008003bb4                . = ALIGN (0x4)

.ARM            0x0000000008003bb4        0x8
                0x0000000008003bb4                . = ALIGN (0x4)
                0x0000000008003bb4                __exidx_start = .
 *(.ARM.exidx*)
 .ARM.exidx     0x0000000008003bb4        0x8 /opt/st/stm32cubeide_1.11.2/plugins/com.st.stm32cube.ide.mcu.externaltools.gnu-tools-for-stm32.10.3-2021.10.linux64_1.0.100.202210260954/tools/bin/../lib/gcc/arm-none-eabi/10.3.1/thumb/v7e-m+fp/hard/libgcc.a(_udivmoddi4.o)
                0x0000000008003bbc                __exidx_end = .
                0x0000000008003bbc                . = ALIGN (0x4)

.rel.dyn        0x0000000008003bbc        0x0
 .rel.iplt      0x0000000008003bbc        0x0 /opt/st/stm32cubeide_1.11.2/plugins/com.st.stm32cube.ide.mcu.externaltools.gnu-tools-for-stm32.10.3-2021.10.linux64_1.0.100.202210260954/tools/bin/../lib/gcc/arm-none-eabi/10.3.1/thumb/v7e-m+fp/hard/crtbegin.o

.preinit_array  0x0000000008003bbc        0x0
                0x0000000008003bbc                . = ALIGN (0x4)
                0x0000000008003bbc                PROVIDE (__preinit_array_start = .)
 *(.preinit_array*)
                0x0000000008003bbc                PROVIDE (__preinit_array_end = .)
                0x0000000008003bbc                . = ALIGN (0x4)

.init_array     0x0000000008003bbc        0x4
                0x0000000008003bbc                . = ALIGN (0x4)
                0x0000000008003bbc                PROVIDE (__init_array_start = .)
 *(SORT_BY_NAME(.init_array.*))
 *(.init_array*)
 .init_array    0x0000000008003bbc        0x4 /opt/st/stm32cubeide_1.11.2/plugins/com.st.stm32cube.ide.mcu.externaltools.gnu-tools-for-stm32.10.3-2021.10.linux64_1.0.100.202210260954/tools/bin/../lib/gcc/arm-none-eabi/10.3.1/thumb/v7e-m+fp/hard/crtbegin.o
                0x0000000008003bc0                PROVIDE (__init_array_end = .)
                0x0000000008003bc0                . = ALIGN (0x4)

.fini_array     0x0000000008003bc0        0x4
                0x0000000008003bc0                . = ALIGN (0x4)
                [!provide]                        PROVIDE (__fini_array_start = .)
 *(SORT_BY_NAME(.fini_array.*))
 *(.fini_array*)
 .fini_array    0x0000000008003bc0        0x4 /opt/st/stm32cubeide_1.11.2/plugins/com.st.stm32cube.ide.mcu.externaltools.gnu-tools-for-stm32.10.3-2021.10.linux64_1.0.100.202210260954/tools/bin/../lib/gcc/arm-none-eabi/10.3.1/thumb/v7e-m+fp/hard/crtbegin.o
                [!provide]                        PROVIDE (__fini_array_end = .)
                0x0000000008003bc4                . = ALIGN (0x4)
                0x0000000008003bc4                _sidata = LOADADDR (.data)

.data           0x0000000020000000        0xc load address 0x0000000008003bc4
                0x0000000020000000                . = ALIGN (0x4)
                0x0000000020000000                _sdata = .
 *(.data)
 *(.data*)
 .data.SystemCoreClock
                0x0000000020000000        0x4 ./Core/Src/system_stm32f4xx.o
                0x0000000020000000                SystemCoreClock
 .data.uwTickPrio
                0x0000000020000004        0x4 ./Drivers/STM32F4xx_HAL_Driver/stm32f4xx_hal.o
                0x0000000020000004                uwTickPrio
 .data.uwTickFreq
                0x0000000020000008        0x1 ./Drivers/STM32F4xx_HAL_Driver/stm32f4xx_hal.o
                0x0000000020000008                uwTickFreq
 *(.RamFunc)
 *(.RamFunc*)
                0x000000002000000c                . = ALIGN (0x4)
 *fill*         0x0000000020000009        0x3 
                0x000000002000000c                _edata = .
                0x0000000008003bd0                _siccmram = LOADADDR (.ccmram)

.igot.plt       0x000000002000000c        0x0 load address 0x0000000008003bd0
 .igot.plt      0x000000002000000c        0x0 /opt/st/stm32cubeide_1.11.2/plugins/com.st.stm32cube.ide.mcu.externaltools.gnu-tools-for-stm32.10.3-2021.10.linux64_1.0.100.202210260954/tools/bin/../lib/gcc/arm-none-eabi/10.3.1/thumb/v7e-m+fp/hard/crtbegin.o

.ccmram         0x0000000010000000        0x0 load address 0x0000000008003bd0
                0x0000000010000000                . = ALIGN (0x4)
                0x0000000010000000                _sccmram = .
 *(.ccmram)
 *(.ccmram*)
                0x0000000010000000                . = ALIGN (0x4)
                0x0000000010000000                _eccmram = .
                0x0000000010000000                . = ALIGN (0x4)

.bss            0x000000002000000c     0x27e0
                0x000000002000000c                _sbss = .
                0x000000002000000c                __bss_start__ = _sbss
 *(.bss)
 .bss           0x000000002000000c       0x1c /opt/st/stm32cubeide_1.11.2/plugins/com.st.stm32cube.ide.mcu.externaltools.gnu-tools-for-stm32.10.3-2021.10.linux64_1.0.100.202210260954/tools/bin/../lib/gcc/arm-none-eabi/10.3.1/thumb/v7e-m+fp/hard/crtbegin.o
 *(.bss*)
 .bss.TxConfig  0x0000000020000028       0x38 ./Core/Src/main.o
                0x0000000020000028                TxConfig
 .bss.DMARxDscrTab
                0x0000000020000060       0xa0 ./Core/Src/main.o
                0x0000000020000060                DMARxDscrTab
 .bss.DMATxDscrTab
                0x0000000020000100       0xa0 ./Core/Src/main.o
                0x0000000020000100                DMATxDscrTab
 .bss.heth      0x00000000200001a0       0xb0 ./Core/Src/main.o
                0x00000000200001a0                heth
 .bss.huart3    0x0000000020000250       0x44 ./Core/Src/main.o
                0x0000000020000250                huart3
 .bss.hpcd_USB_OTG_FS
                0x0000000020000294      0x50c ./Core/Src/main.o
                0x0000000020000294                hpcd_USB_OTG_FS
 .bss.vector32_in
                0x00000000200007a0       0x14 ./Core/Src/main.o
                0x00000000200007a0                vector32_in
 .bss.vector32_out
                0x00000000200007b4       0x14 ./Core/Src/main.o
                0x00000000200007b4                vector32_out
 .bss.vector16_in
                0x00000000200007c8        0xa ./Core/Src/main.o
                0x00000000200007c8                vector16_in
 *fill*         0x00000000200007d2        0x2 
 .bss.vector16_out
                0x00000000200007d4        0xa ./Core/Src/main.o
                0x00000000200007d4                vector16_out
 *fill*         0x00000000200007de        0x2 
 .bss.vector16_in_eco
                0x00000000200007e0     0x2000 ./Core/Src/main.o
                0x00000000200007e0                vector16_in_eco
 .bss.MACAddr.0
                0x00000000200027e0        0x6 ./Core/Src/main.o
 *fill*         0x00000000200027e6        0x2 
 .bss.uwTick    0x00000000200027e8        0x4 ./Drivers/STM32F4xx_HAL_Driver/stm32f4xx_hal.o
                0x00000000200027e8                uwTick
 *(COMMON)
                0x00000000200027ec                . = ALIGN (0x4)
                0x00000000200027ec                _ebss = .
                0x00000000200027ec                __bss_end__ = _ebss

._user_heap_stack
                0x00000000200027ec      0x604
                0x00000000200027f0                . = ALIGN (0x8)
 *fill*         0x00000000200027ec        0x4 
                [!provide]                        PROVIDE (end = .)
                0x00000000200027f0                PROVIDE (_end = .)
                0x00000000200029f0                . = (. + _Min_Heap_Size)
 *fill*         0x00000000200027f0      0x200 
                0x0000000020002df0                . = (. + _Min_Stack_Size)
 *fill*         0x00000000200029f0      0x400 
                0x0000000020002df0                . = ALIGN (0x8)

/DISCARD/
 libc.a(*)
 libm.a(*)
 libgcc.a(*)

.ARM.attributes
                0x0000000000000000       0x30
 *(.ARM.attributes)
 .ARM.attributes
                0x0000000000000000       0x1e /opt/st/stm32cubeide_1.11.2/plugins/com.st.stm32cube.ide.mcu.externaltools.gnu-tools-for-stm32.10.3-2021.10.linux64_1.0.100.202210260954/tools/bin/../lib/gcc/arm-none-eabi/10.3.1/thumb/v7e-m+fp/hard/crti.o
 .ARM.attributes
                0x000000000000001e       0x34 /opt/st/stm32cubeide_1.11.2/plugins/com.st.stm32cube.ide.mcu.externaltools.gnu-tools-for-stm32.10.3-2021.10.linux64_1.0.100.202210260954/tools/bin/../lib/gcc/arm-none-eabi/10.3.1/thumb/v7e-m+fp/hard/crtbegin.o
 .ARM.attributes
                0x0000000000000052       0x20 ./Core/Src/asm_func.o
 .ARM.attributes
                0x0000000000000072       0x34 ./Core/Src/main.o
 .ARM.attributes
                0x00000000000000a6       0x34 ./Core/Src/stm32f4xx_hal_msp.o
 .ARM.attributes
                0x00000000000000da       0x34 ./Core/Src/stm32f4xx_it.o
 .ARM.attributes
                0x000000000000010e       0x34 ./Core/Src/system_stm32f4xx.o
 .ARM.attributes
                0x0000000000000142       0x21 ./Core/Startup/startup_stm32f429zitx.o
 .ARM.attributes
                0x0000000000000163       0x34 ./Drivers/STM32F4xx_HAL_Driver/stm32f4xx_hal.o
 .ARM.attributes
                0x0000000000000197       0x34 ./Drivers/STM32F4xx_HAL_Driver/stm32f4xx_hal_cortex.o
 .ARM.attributes
                0x00000000000001cb       0x34 ./Drivers/STM32F4xx_HAL_Driver/stm32f4xx_hal_eth.o
 .ARM.attributes
                0x00000000000001ff       0x34 ./Drivers/STM32F4xx_HAL_Driver/stm32f4xx_hal_gpio.o
 .ARM.attributes
                0x0000000000000233       0x34 ./Drivers/STM32F4xx_HAL_Driver/stm32f4xx_hal_pcd.o
 .ARM.attributes
                0x0000000000000267       0x34 ./Drivers/STM32F4xx_HAL_Driver/stm32f4xx_hal_rcc.o
 .ARM.attributes
                0x000000000000029b       0x34 ./Drivers/STM32F4xx_HAL_Driver/stm32f4xx_hal_uart.o
 .ARM.attributes
                0x00000000000002cf       0x34 ./Drivers/STM32F4xx_HAL_Driver/stm32f4xx_ll_usb.o
 .ARM.attributes
                0x0000000000000303       0x34 /opt/st/stm32cubeide_1.11.2/plugins/com.st.stm32cube.ide.mcu.externaltools.gnu-tools-for-stm32.10.3-2021.10.linux64_1.0.100.202210260954/tools/bin/../lib/gcc/arm-none-eabi/10.3.1/../../../../arm-none-eabi/lib/thumb/v7e-m+fp/hard/libc_nano.a(lib_a-init.o)
 .ARM.attributes
                0x0000000000000337       0x34 /opt/st/stm32cubeide_1.11.2/plugins/com.st.stm32cube.ide.mcu.externaltools.gnu-tools-for-stm32.10.3-2021.10.linux64_1.0.100.202210260954/tools/bin/../lib/gcc/arm-none-eabi/10.3.1/../../../../arm-none-eabi/lib/thumb/v7e-m+fp/hard/libc_nano.a(lib_a-memset.o)
 .ARM.attributes
                0x000000000000036b       0x1e /opt/st/stm32cubeide_1.11.2/plugins/com.st.stm32cube.ide.mcu.externaltools.gnu-tools-for-stm32.10.3-2021.10.linux64_1.0.100.202210260954/tools/bin/../lib/gcc/arm-none-eabi/10.3.1/thumb/v7e-m+fp/hard/libgcc.a(_aeabi_uldivmod.o)
 .ARM.attributes
                0x0000000000000389       0x34 /opt/st/stm32cubeide_1.11.2/plugins/com.st.stm32cube.ide.mcu.externaltools.gnu-tools-for-stm32.10.3-2021.10.linux64_1.0.100.202210260954/tools/bin/../lib/gcc/arm-none-eabi/10.3.1/thumb/v7e-m+fp/hard/libgcc.a(_udivmoddi4.o)
 .ARM.attributes
                0x00000000000003bd       0x1e /opt/st/stm32cubeide_1.11.2/plugins/com.st.stm32cube.ide.mcu.externaltools.gnu-tools-for-stm32.10.3-2021.10.linux64_1.0.100.202210260954/tools/bin/../lib/gcc/arm-none-eabi/10.3.1/thumb/v7e-m+fp/hard/libgcc.a(_dvmd_tls.o)
 .ARM.attributes
                0x00000000000003db       0x1e /opt/st/stm32cubeide_1.11.2/plugins/com.st.stm32cube.ide.mcu.externaltools.gnu-tools-for-stm32.10.3-2021.10.linux64_1.0.100.202210260954/tools/bin/../lib/gcc/arm-none-eabi/10.3.1/thumb/v7e-m+fp/hard/crtn.o
OUTPUT(adm_c16.elf elf32-littlearm)
LOAD linker stubs
LOAD /opt/st/stm32cubeide_1.11.2/plugins/com.st.stm32cube.ide.mcu.externaltools.gnu-tools-for-stm32.10.3-2021.10.linux64_1.0.100.202210260954/tools/bin/../lib/gcc/arm-none-eabi/10.3.1/../../../../arm-none-eabi/lib/thumb/v7e-m+fp/hard/libc.a
LOAD /opt/st/stm32cubeide_1.11.2/plugins/com.st.stm32cube.ide.mcu.externaltools.gnu-tools-for-stm32.10.3-2021.10.linux64_1.0.100.202210260954/tools/bin/../lib/gcc/arm-none-eabi/10.3.1/../../../../arm-none-eabi/lib/thumb/v7e-m+fp/hard/libm.a
LOAD /opt/st/stm32cubeide_1.11.2/plugins/com.st.stm32cube.ide.mcu.externaltools.gnu-tools-for-stm32.10.3-2021.10.linux64_1.0.100.202210260954/tools/bin/../lib/gcc/arm-none-eabi/10.3.1/thumb/v7e-m+fp/hard/libgcc.a

.debug_line     0x0000000000000000     0xd64d
 .debug_line    0x0000000000000000      0x117 ./Core/Src/asm_func.o
 .debug_line    0x0000000000000117     0x1140 ./Core/Src/main.o
 .debug_line    0x0000000000001257      0x8dc ./Core/Src/stm32f4xx_hal_msp.o
 .debug_line    0x0000000000001b33      0x88f ./Core/Src/stm32f4xx_it.o
 .debug_line    0x00000000000023c2      0x82e ./Core/Src/system_stm32f4xx.o
 .debug_line    0x0000000000002bf0       0x8a ./Core/Startup/startup_stm32f429zitx.o
 .debug_line    0x0000000000002c7a      0xb02 ./Drivers/STM32F4xx_HAL_Driver/stm32f4xx_hal.o
 .debug_line    0x000000000000377c      0xd7b ./Drivers/STM32F4xx_HAL_Driver/stm32f4xx_hal_cortex.o
 .debug_line    0x00000000000044f7     0x1a3d ./Drivers/STM32F4xx_HAL_Driver/stm32f4xx_hal_eth.o
 .debug_line    0x0000000000005f34      0xc68 ./Drivers/STM32F4xx_HAL_Driver/stm32f4xx_hal_gpio.o
 .debug_line    0x0000000000006b9c     0x156f ./Drivers/STM32F4xx_HAL_Driver/stm32f4xx_hal_pcd.o
 .debug_line    0x000000000000810b      0xe48 ./Drivers/STM32F4xx_HAL_Driver/stm32f4xx_hal_rcc.o
 .debug_line    0x0000000000008f53     0x2b71 ./Drivers/STM32F4xx_HAL_Driver/stm32f4xx_hal_uart.o
 .debug_line    0x000000000000bac4     0x1b89 ./Drivers/STM32F4xx_HAL_Driver/stm32f4xx_ll_usb.o

.debug_info     0x0000000000000000     0xf4c7
 .debug_info    0x0000000000000000       0x26 ./Core/Src/asm_func.o
 .debug_info    0x0000000000000026     0x26db ./Core/Src/main.o
 .debug_info    0x0000000000002701     0x1840 ./Core/Src/stm32f4xx_hal_msp.o
 .debug_info    0x0000000000003f41      0x1b5 ./Core/Src/stm32f4xx_it.o
 .debug_info    0x00000000000040f6      0x53f ./Core/Src/system_stm32f4xx.o
 .debug_info    0x0000000000004635       0x22 ./Core/Startup/startup_stm32f429zitx.o
 .debug_info    0x0000000000004657      0x9f4 ./Drivers/STM32F4xx_HAL_Driver/stm32f4xx_hal.o
 .debug_info    0x000000000000504b      0xe51 ./Drivers/STM32F4xx_HAL_Driver/stm32f4xx_hal_cortex.o
 .debug_info    0x0000000000005e9c     0x223b ./Drivers/STM32F4xx_HAL_Driver/stm32f4xx_hal_eth.o
 .debug_info    0x00000000000080d7      0x786 ./Drivers/STM32F4xx_HAL_Driver/stm32f4xx_hal_gpio.o
 .debug_info    0x000000000000885d     0x1695 ./Drivers/STM32F4xx_HAL_Driver/stm32f4xx_hal_pcd.o
 .debug_info    0x0000000000009ef2      0x982 ./Drivers/STM32F4xx_HAL_Driver/stm32f4xx_hal_rcc.o
 .debug_info    0x000000000000a874     0x31bc ./Drivers/STM32F4xx_HAL_Driver/stm32f4xx_hal_uart.o
 .debug_info    0x000000000000da30     0x1a97 ./Drivers/STM32F4xx_HAL_Driver/stm32f4xx_ll_usb.o

.debug_abbrev   0x0000000000000000     0x1d74
 .debug_abbrev  0x0000000000000000       0x14 ./Core/Src/asm_func.o
 .debug_abbrev  0x0000000000000014      0x427 ./Core/Src/main.o
 .debug_abbrev  0x000000000000043b      0x23e ./Core/Src/stm32f4xx_hal_msp.o
 .debug_abbrev  0x0000000000000679      0x12a ./Core/Src/stm32f4xx_it.o
 .debug_abbrev  0x00000000000007a3      0x116 ./Core/Src/system_stm32f4xx.o
 .debug_abbrev  0x00000000000008b9       0x12 ./Core/Startup/startup_stm32f429zitx.o
 .debug_abbrev  0x00000000000008cb      0x20d ./Drivers/STM32F4xx_HAL_Driver/stm32f4xx_hal.o
 .debug_abbrev  0x0000000000000ad8      0x316 ./Drivers/STM32F4xx_HAL_Driver/stm32f4xx_hal_cortex.o
 .debug_abbrev  0x0000000000000dee      0x2d3 ./Drivers/STM32F4xx_HAL_Driver/stm32f4xx_hal_eth.o
 .debug_abbrev  0x00000000000010c1      0x1c4 ./Drivers/STM32F4xx_HAL_Driver/stm32f4xx_hal_gpio.o
 .debug_abbrev  0x0000000000001285      0x2bb ./Drivers/STM32F4xx_HAL_Driver/stm32f4xx_hal_pcd.o
 .debug_abbrev  0x0000000000001540      0x2aa ./Drivers/STM32F4xx_HAL_Driver/stm32f4xx_hal_rcc.o
 .debug_abbrev  0x00000000000017ea      0x2f4 ./Drivers/STM32F4xx_HAL_Driver/stm32f4xx_hal_uart.o
 .debug_abbrev  0x0000000000001ade      0x296 ./Drivers/STM32F4xx_HAL_Driver/stm32f4xx_ll_usb.o

.debug_aranges  0x0000000000000000      0xb90
 .debug_aranges
                0x0000000000000000       0x20 ./Core/Src/asm_func.o
 .debug_aranges
                0x0000000000000020       0xb0 ./Core/Src/main.o
 .debug_aranges
                0x00000000000000d0       0x50 ./Core/Src/stm32f4xx_hal_msp.o
 .debug_aranges
                0x0000000000000120       0x60 ./Core/Src/stm32f4xx_it.o
 .debug_aranges
                0x0000000000000180       0x28 ./Core/Src/system_stm32f4xx.o
 .debug_aranges
                0x00000000000001a8       0x28 ./Core/Startup/startup_stm32f429zitx.o
 .debug_aranges
                0x00000000000001d0      0x100 ./Drivers/STM32F4xx_HAL_Driver/stm32f4xx_hal.o
 .debug_aranges
                0x00000000000002d0      0x118 ./Drivers/STM32F4xx_HAL_Driver/stm32f4xx_hal_cortex.o
 .debug_aranges
                0x00000000000003e8      0x1e0 ./Drivers/STM32F4xx_HAL_Driver/stm32f4xx_hal_eth.o
 .debug_aranges
                0x00000000000005c8       0x58 ./Drivers/STM32F4xx_HAL_Driver/stm32f4xx_hal_gpio.o
 .debug_aranges
                0x0000000000000620      0x148 ./Drivers/STM32F4xx_HAL_Driver/stm32f4xx_hal_pcd.o
 .debug_aranges
                0x0000000000000768       0x88 ./Drivers/STM32F4xx_HAL_Driver/stm32f4xx_hal_rcc.o
 .debug_aranges
                0x00000000000007f0      0x200 ./Drivers/STM32F4xx_HAL_Driver/stm32f4xx_hal_uart.o
 .debug_aranges
                0x00000000000009f0      0x1a0 ./Drivers/STM32F4xx_HAL_Driver/stm32f4xx_ll_usb.o

.debug_str      0x0000000000000000    0xd97af
 .debug_str     0x0000000000000000       0x68 ./Core/Src/asm_func.o
 .debug_str     0x0000000000000068    0xd5cc0 ./Core/Src/main.o
                                      0xd60fc (size before relaxing)
 .debug_str     0x00000000000d5d28       0xaf ./Core/Src/stm32f4xx_hal_msp.o
                                      0xd2cb4 (size before relaxing)
 .debug_str     0x00000000000d5dd7       0xc9 ./Core/Src/stm32f4xx_it.o
                                      0xd1ea5 (size before relaxing)
 .debug_str     0x00000000000d5ea0       0xdb ./Core/Src/system_stm32f4xx.o
                                      0xd1ae2 (size before relaxing)
 .debug_str     0x00000000000d5f7b       0x28 ./Core/Startup/startup_stm32f429zitx.o
                                         0x79 (size before relaxing)
 .debug_str     0x00000000000d5fa3      0xbe3 ./Drivers/STM32F4xx_HAL_Driver/stm32f4xx_hal.o
                                      0xd273d (size before relaxing)
 .debug_str     0x00000000000d6b86      0x376 ./Drivers/STM32F4xx_HAL_Driver/stm32f4xx_hal_cortex.o
                                      0xd2422 (size before relaxing)
 .debug_str     0x00000000000d6efc     0x1222 ./Drivers/STM32F4xx_HAL_Driver/stm32f4xx_hal_eth.o
                                      0xd33a7 (size before relaxing)
 .debug_str     0x00000000000d811e      0x119 ./Drivers/STM32F4xx_HAL_Driver/stm32f4xx_hal_gpio.o
                                      0xd1c95 (size before relaxing)
 .debug_str     0x00000000000d8237      0x835 ./Drivers/STM32F4xx_HAL_Driver/stm32f4xx_hal_pcd.o
                                      0xd25c9 (size before relaxing)
 .debug_str     0x00000000000d8a6c      0x257 ./Drivers/STM32F4xx_HAL_Driver/stm32f4xx_hal_rcc.o
                                      0xd1f4e (size before relaxing)
 .debug_str     0x00000000000d8cc3      0x675 ./Drivers/STM32F4xx_HAL_Driver/stm32f4xx_hal_uart.o
                                      0xd24da (size before relaxing)
 .debug_str     0x00000000000d9338      0x477 ./Drivers/STM32F4xx_HAL_Driver/stm32f4xx_ll_usb.o
                                      0xd2431 (size before relaxing)

.debug_ranges   0x0000000000000000      0xad8
 .debug_ranges  0x0000000000000000       0xa0 ./Core/Src/main.o
 .debug_ranges  0x00000000000000a0       0x40 ./Core/Src/stm32f4xx_hal_msp.o
 .debug_ranges  0x00000000000000e0       0x50 ./Core/Src/stm32f4xx_it.o
 .debug_ranges  0x0000000000000130       0x18 ./Core/Src/system_stm32f4xx.o
 .debug_ranges  0x0000000000000148       0x20 ./Core/Startup/startup_stm32f429zitx.o
 .debug_ranges  0x0000000000000168       0xf0 ./Drivers/STM32F4xx_HAL_Driver/stm32f4xx_hal.o
 .debug_ranges  0x0000000000000258      0x108 ./Drivers/STM32F4xx_HAL_Driver/stm32f4xx_hal_cortex.o
 .debug_ranges  0x0000000000000360      0x1d0 ./Drivers/STM32F4xx_HAL_Driver/stm32f4xx_hal_eth.o
 .debug_ranges  0x0000000000000530       0x48 ./Drivers/STM32F4xx_HAL_Driver/stm32f4xx_hal_gpio.o
 .debug_ranges  0x0000000000000578      0x138 ./Drivers/STM32F4xx_HAL_Driver/stm32f4xx_hal_pcd.o
 .debug_ranges  0x00000000000006b0       0x78 ./Drivers/STM32F4xx_HAL_Driver/stm32f4xx_hal_rcc.o
 .debug_ranges  0x0000000000000728      0x220 ./Drivers/STM32F4xx_HAL_Driver/stm32f4xx_hal_uart.o
 .debug_ranges  0x0000000000000948      0x190 ./Drivers/STM32F4xx_HAL_Driver/stm32f4xx_ll_usb.o

.debug_macro    0x0000000000000000    0x23b44
 .debug_macro   0x0000000000000000      0x2d0 ./Core/Src/main.o
 .debug_macro   0x00000000000002d0      0xa78 ./Core/Src/main.o
 .debug_macro   0x0000000000000d48      0x2af ./Core/Src/main.o
 .debug_macro   0x0000000000000ff7       0x2e ./Core/Src/main.o
 .debug_macro   0x0000000000001025       0x28 ./Core/Src/main.o
 .debug_macro   0x000000000000104d       0x22 ./Core/Src/main.o
 .debug_macro   0x000000000000106f       0x8e ./Core/Src/main.o
 .debug_macro   0x00000000000010fd       0x51 ./Core/Src/main.o
 .debug_macro   0x000000000000114e      0x103 ./Core/Src/main.o
 .debug_macro   0x0000000000001251       0x6a ./Core/Src/main.o
 .debug_macro   0x00000000000012bb      0x1df ./Core/Src/main.o
 .debug_macro   0x000000000000149a       0x1c ./Core/Src/main.o
 .debug_macro   0x00000000000014b6       0x22 ./Core/Src/main.o
 .debug_macro   0x00000000000014d8       0xd9 ./Core/Src/main.o
 .debug_macro   0x00000000000015b1     0x102d ./Core/Src/main.o
 .debug_macro   0x00000000000025de      0x11f ./Core/Src/main.o
 .debug_macro   0x00000000000026fd    0x17fc0 ./Core/Src/main.o
 .debug_macro   0x000000000001a6bd       0x6d ./Core/Src/main.o
 .debug_macro   0x000000000001a72a     0x36f5 ./Core/Src/main.o
 .debug_macro   0x000000000001de1f      0x174 ./Core/Src/main.o
 .debug_macro   0x000000000001df93       0x5c ./Core/Src/main.o
 .debug_macro   0x000000000001dfef      0xca5 ./Core/Src/main.o
 .debug_macro   0x000000000001ec94      0x9fe ./Core/Src/main.o
 .debug_macro   0x000000000001f692      0x115 ./Core/Src/main.o
 .debug_macro   0x000000000001f7a7      0x156 ./Core/Src/main.o
 .debug_macro   0x000000000001f8fd       0xa5 ./Core/Src/main.o
 .debug_macro   0x000000000001f9a2      0x182 ./Core/Src/main.o
 .debug_macro   0x000000000001fb24      0x287 ./Core/Src/main.o
 .debug_macro   0x000000000001fdab       0x5f ./Core/Src/main.o
 .debug_macro   0x000000000001fe0a      0x236 ./Core/Src/main.o
 .debug_macro   0x0000000000020040      0xd44 ./Core/Src/main.o
 .debug_macro   0x0000000000020d84      0x132 ./Core/Src/main.o
 .debug_macro   0x0000000000020eb6      0x41d ./Core/Src/main.o
 .debug_macro   0x00000000000212d3       0x2e ./Core/Src/main.o
 .debug_macro   0x0000000000021301      0x11a ./Core/Src/main.o
 .debug_macro   0x000000000002141b       0xe2 ./Core/Src/main.o
 .debug_macro   0x00000000000214fd       0x89 ./Core/Src/main.o
 .debug_macro   0x0000000000021586      0x295 ./Core/Src/main.o
 .debug_macro   0x000000000002181b      0x248 ./Core/Src/main.o
 .debug_macro   0x0000000000021a63       0xba ./Core/Src/main.o
 .debug_macro   0x0000000000021b1d      0x134 ./Core/Src/main.o
 .debug_macro   0x0000000000021c51      0x130 ./Core/Src/main.o
 .debug_macro   0x0000000000021d81       0x52 ./Core/Src/main.o
 .debug_macro   0x0000000000021dd3       0x1e ./Core/Src/main.o
 .debug_macro   0x0000000000021df1       0x3c ./Core/Src/main.o
 .debug_macro   0x0000000000021e2d       0x34 ./Core/Src/main.o
 .debug_macro   0x0000000000021e61       0x16 ./Core/Src/main.o
 .debug_macro   0x0000000000021e77       0x43 ./Core/Src/main.o
 .debug_macro   0x0000000000021eba       0x34 ./Core/Src/main.o
 .debug_macro   0x0000000000021eee       0x10 ./Core/Src/main.o
 .debug_macro   0x0000000000021efe       0x58 ./Core/Src/main.o
 .debug_macro   0x0000000000021f56       0x71 ./Core/Src/main.o
 .debug_macro   0x0000000000021fc7       0x1c ./Core/Src/main.o
 .debug_macro   0x0000000000021fe3      0x12a ./Core/Src/main.o
 .debug_macro   0x000000000002210d      0x341 ./Core/Src/main.o
 .debug_macro   0x000000000002244e       0x10 ./Core/Src/main.o
 .debug_macro   0x000000000002245e       0x35 ./Core/Src/main.o
 .debug_macro   0x0000000000022493       0x20 ./Core/Src/main.o
 .debug_macro   0x00000000000224b3      0x1f7 ./Core/Src/stm32f4xx_hal_msp.o
 .debug_macro   0x00000000000226aa      0x201 ./Core/Src/stm32f4xx_it.o
 .debug_macro   0x00000000000228ab      0x1e8 ./Core/Src/system_stm32f4xx.o
 .debug_macro   0x0000000000022a93      0x248 ./Drivers/STM32F4xx_HAL_Driver/stm32f4xx_hal.o
 .debug_macro   0x0000000000022cdb      0x1e8 ./Drivers/STM32F4xx_HAL_Driver/stm32f4xx_hal_cortex.o
 .debug_macro   0x0000000000022ec3      0x2c2 ./Drivers/STM32F4xx_HAL_Driver/stm32f4xx_hal_eth.o
 .debug_macro   0x0000000000023185      0x1ee ./Drivers/STM32F4xx_HAL_Driver/stm32f4xx_hal_gpio.o
 .debug_macro   0x0000000000023373      0x1f4 ./Drivers/STM32F4xx_HAL_Driver/stm32f4xx_hal_pcd.o
 .debug_macro   0x0000000000023567      0x20c ./Drivers/STM32F4xx_HAL_Driver/stm32f4xx_hal_rcc.o
 .debug_macro   0x0000000000023773      0x1e9 ./Drivers/STM32F4xx_HAL_Driver/stm32f4xx_hal_uart.o
 .debug_macro   0x000000000002395c      0x1e8 ./Drivers/STM32F4xx_HAL_Driver/stm32f4xx_ll_usb.o

.comment        0x0000000000000000       0x50
 .comment       0x0000000000000000       0x50 ./Core/Src/main.o
                                         0x51 (size before relaxing)
 .comment       0x0000000000000050       0x51 ./Core/Src/stm32f4xx_hal_msp.o
 .comment       0x0000000000000050       0x51 ./Core/Src/stm32f4xx_it.o
 .comment       0x0000000000000050       0x51 ./Core/Src/system_stm32f4xx.o
 .comment       0x0000000000000050       0x51 ./Drivers/STM32F4xx_HAL_Driver/stm32f4xx_hal.o
 .comment       0x0000000000000050       0x51 ./Drivers/STM32F4xx_HAL_Driver/stm32f4xx_hal_cortex.o
 .comment       0x0000000000000050       0x51 ./Drivers/STM32F4xx_HAL_Driver/stm32f4xx_hal_eth.o
 .comment       0x0000000000000050       0x51 ./Drivers/STM32F4xx_HAL_Driver/stm32f4xx_hal_gpio.o
 .comment       0x0000000000000050       0x51 ./Drivers/STM32F4xx_HAL_Driver/stm32f4xx_hal_pcd.o
 .comment       0x0000000000000050       0x51 ./Drivers/STM32F4xx_HAL_Driver/stm32f4xx_hal_rcc.o
 .comment       0x0000000000000050       0x51 ./Drivers/STM32F4xx_HAL_Driver/stm32f4xx_hal_uart.o
 .comment       0x0000000000000050       0x51 ./Drivers/STM32F4xx_HAL_Driver/stm32f4xx_ll_usb.o

.debug_frame    0x0000000000000000     0x30ac
 .debug_frame   0x0000000000000000      0x2c0 ./Core/Src/main.o
 .debug_frame   0x00000000000002c0      0x110 ./Core/Src/stm32f4xx_hal_msp.o
 .debug_frame   0x00000000000003d0      0x10c ./Core/Src/stm32f4xx_it.o
 .debug_frame   0x00000000000004dc       0x58 ./Core/Src/system_stm32f4xx.o
 .debug_frame   0x0000000000000534      0x3b4 ./Drivers/STM32F4xx_HAL_Driver/stm32f4xx_hal.o
 .debug_frame   0x00000000000008e8      0x498 ./Drivers/STM32F4xx_HAL_Driver/stm32f4xx_hal_cortex.o
 .debug_frame   0x0000000000000d80      0x898 ./Drivers/STM32F4xx_HAL_Driver/stm32f4xx_hal_eth.o
 .debug_frame   0x0000000000001618      0x14c ./Drivers/STM32F4xx_HAL_Driver/stm32f4xx_hal_gpio.o
 .debug_frame   0x0000000000001764      0x5bc ./Drivers/STM32F4xx_HAL_Driver/stm32f4xx_hal_pcd.o
 .debug_frame   0x0000000000001d20      0x1f4 ./Drivers/STM32F4xx_HAL_Driver/stm32f4xx_hal_rcc.o
 .debug_frame   0x0000000000001f14      0x92c ./Drivers/STM32F4xx_HAL_Driver/stm32f4xx_hal_uart.o
 .debug_frame   0x0000000000002840      0x7c0 ./Drivers/STM32F4xx_HAL_Driver/stm32f4xx_ll_usb.o
 .debug_frame   0x0000000000003000       0x2c /opt/st/stm32cubeide_1.11.2/plugins/com.st.stm32cube.ide.mcu.externaltools.gnu-tools-for-stm32.10.3-2021.10.linux64_1.0.100.202210260954/tools/bin/../lib/gcc/arm-none-eabi/10.3.1/../../../../arm-none-eabi/lib/thumb/v7e-m+fp/hard/libc_nano.a(lib_a-init.o)
 .debug_frame   0x000000000000302c       0x20 /opt/st/stm32cubeide_1.11.2/plugins/com.st.stm32cube.ide.mcu.externaltools.gnu-tools-for-stm32.10.3-2021.10.linux64_1.0.100.202210260954/tools/bin/../lib/gcc/arm-none-eabi/10.3.1/../../../../arm-none-eabi/lib/thumb/v7e-m+fp/hard/libc_nano.a(lib_a-memset.o)
 .debug_frame   0x000000000000304c       0x2c /opt/st/stm32cubeide_1.11.2/plugins/com.st.stm32cube.ide.mcu.externaltools.gnu-tools-for-stm32.10.3-2021.10.linux64_1.0.100.202210260954/tools/bin/../lib/gcc/arm-none-eabi/10.3.1/thumb/v7e-m+fp/hard/libgcc.a(_aeabi_uldivmod.o)
 .debug_frame   0x0000000000003078       0x34 /opt/st/stm32cubeide_1.11.2/plugins/com.st.stm32cube.ide.mcu.externaltools.gnu-tools-for-stm32.10.3-2021.10.linux64_1.0.100.202210260954/tools/bin/../lib/gcc/arm-none-eabi/10.3.1/thumb/v7e-m+fp/hard/libgcc.a(_udivmoddi4.o)
