../Core/Src/main.c:69:13:PrivilegiosSVC	40	static,ignoring_inline_asm
../Core/Src/main.c:125:6:zeros	24	static
../Core/Src/main.c:131:6:productoEscalar32	32	static
../Core/Src/main.c:139:6:productoEscalar16	32	static
../Core/Src/main.c:151:6:productoEscalar12	32	static
../Core/Src/main.c:163:6:filtroVentana10	40	static
../Core/Src/main.c:179:6:pack32to16	32	static
../Core/Src/main.c:186:9:max	32	static
../Core/Src/main.c:201:6:test_1parte_c	184	static
../Core/Src/main.c:250:6:test_1parte_asm	176	static
../Core/Src/main.c:314:5:main	16	static
../Core/Src/main.c:364:6:SystemClock_Config	88	static
../Core/Src/main.c:410:13:MX_ETH_Init	8	static
../Core/Src/main.c:459:13:MX_USART3_UART_Init	8	static
../Core/Src/main.c:492:13:MX_USB_OTG_FS_PCD_Init	8	static
../Core/Src/main.c:527:13:MX_GPIO_Init	56	static
../Core/Src/main.c:581:6:Error_Handler	4	static,ignoring_inline_asm
