../Core/Src/main.c:69:13:PrivilegiosSVC	40	static,ignoring_inline_asm
../Core/Src/main.c:126:6:zeros	24	static
../Core/Src/main.c:134:6:productoEscalar32	32	static
../Core/Src/main.c:144:6:productoEscalar16	32	static
../Core/Src/main.c:156:6:productoEscalar12	32	static
../Core/Src/main.c:169:6:filtroVentana10	40	static
../Core/Src/main.c:184:6:pack32to16	32	static
../Core/Src/main.c:192:9:max	32	static
../Core/Src/main.c:206:6:downsampleM	40	static
../Core/Src/main.c:222:6:invertir	24	static
../Core/Src/main.c:233:6:eco	32	static
../Core/Src/main.c:252:6:test	80	static
../Core/Src/main.c:513:5:main	16	static
../Core/Src/main.c:569:6:SystemClock_Config	88	static
../Core/Src/main.c:615:13:MX_ETH_Init	8	static
../Core/Src/main.c:664:13:MX_USART3_UART_Init	8	static
../Core/Src/main.c:697:13:MX_USB_OTG_FS_PCD_Init	8	static
../Core/Src/main.c:732:13:MX_GPIO_Init	56	static
../Core/Src/main.c:786:6:Error_Handler	4	static,ignoring_inline_asm
